[worker] using YouTube Data API uploader (OAuth token present)
[worker] running: C:\hostedtoolcache\windows\Python\3.12.10\x64\python.exe D:\a\yt-shorts-worker\yt-shorts-worker\scripts\pipeline.py --batch-size 10 --start-from-csv --max-runtime 270 --channel chromium --yt-cookies D:\a\yt-shorts-worker\yt-shorts-worker\data\youtube_cookies.json --fb-cookies D:\a\yt-shorts-worker\yt-shorts-worker\data\facebook_cookies.json --yt-upload-mode api
[2026-08-14 09:07:41] Upload mode: YouTube Data API (OAuth).
[2026-08-14 09:07:41] Continuing schedule from CSV: last=2026-09-11 06:00:00 next=2026-09-11 11:00:00
[2026-08-14 09:07:41] Runtime budget: 270 minutes (deadline set).
[2026-08-14 09:07:41] Starting batch: target=10 first_schedule=2026-09-11 11:00:00 interval=5:00:00 candidates_available=2199
[2026-08-14 09:07:41] [1/30] Processing https://www.facebook.com/reel/590187783983149/
[2026-08-14 09:07:41] Processing https://www.facebook.com/reel/590187783983149/ -> 'Pure Talent 188' scheduled 2026-09-11 11:00:00
[2026-08-14 09:07:48]   downloaded: D:\a\yt-shorts-worker\yt-shorts-worker\downloads\590187783983149.mp4
[2026-08-14 09:07:48]   FAILED for https://www.facebook.com/reel/590187783983149/: FileNotFoundError: [WinError 2] The system cannot find the file specified
[2026-08-14 09:07:48] Traceback (most recent call last):
  File "D:\a\yt-shorts-worker\yt-shorts-worker\scripts\pipeline.py", line 317, in process_one
    duration = probe_duration(downloaded_path)
               ^^^^^^^^^^^^^^^^^^^^^^^^^^^^^^^
  File "D:\a\yt-shorts-worker\yt-shorts-worker\scripts\pipeline.py", line 85, in probe_duration
    result = subprocess.run(
             ^^^^^^^^^^^^^^^
  File "C:\hostedtoolcache\windows\Python\3.12.10\x64\Lib\subprocess.py", line 548, in run
    with Popen(*popenargs, **kwargs) as process:
         ^^^^^^^^^^^^^^^^^^^^^^^^^^^
  File "C:\hostedtoolcache\windows\Python\3.12.10\x64\Lib\subprocess.py", line 1026, in __init__
    self._execute_child(args, executable, preexec_fn, close_fds,
  File "C:\hostedtoolcache\windows\Python\3.12.10\x64\Lib\subprocess.py", line 1538, in _execute_child
    hp, ht, pid, tid = _winapi.CreateProcess(executable, args,
                       ^^^^^^^^^^^^^^^^^^^^^^^^^^^^^^^^^^^^^^^
FileNotFoundError: [WinError 2] The system cannot find the file specified

[2026-08-14 09:07:48]   leaving as 'remaining' for retry, moving to next candidate.
[2026-08-14 09:07:48] [2/30] Processing https://www.facebook.com/reel/1942763809813412/
[2026-08-14 09:07:48] Processing https://www.facebook.com/reel/1942763809813412/ -> 'Pure Talent 188' scheduled 2026-09-11 11:00:00
[2026-08-14 09:07:57]   FAILED for https://www.facebook.com/reel/1942763809813412/: RuntimeError: yt-dlp failed for https://www.facebook.com/reel/1942763809813412/:
WARNING: You have requested merging of multiple formats but ffmpeg is not installed. The formats won't be merged

[2026-08-14 09:07:57] Traceback (most recent call last):
  File "D:\a\yt-shorts-worker\yt-shorts-worker\scripts\pipeline.py", line 314, in process_one
    downloaded_path = download_reel(reel_url, reel_id, fb_cookies)
                      ^^^^^^^^^^^^^^^^^^^^^^^^^^^^^^^^^^^^^^^^^^^^
  File "D:\a\yt-shorts-worker\yt-shorts-worker\scripts\pipeline.py", line 256, in download_reel
    raise RuntimeError(f"yt-dlp failed for {reel_url}:\n{result.stderr[-2000:]}")
RuntimeError: yt-dlp failed for https://www.facebook.com/reel/1942763809813412/:
WARNING: You have requested merging of multiple formats but ffmpeg is not installed. The formats won't be merged


[2026-08-14 09:07:57]   leaving as 'remaining' for retry, moving to next candidate.
[2026-08-14 09:07:57] [3/30] Processing https://www.facebook.com/reel/2158793901283088/
[2026-08-14 09:07:57] Processing https://www.facebook.com/reel/2158793901283088/ -> 'Pure Talent 188' scheduled 2026-09-11 11:00:00
[2026-08-14 09:08:04]   FAILED for https://www.facebook.com/reel/2158793901283088/: RuntimeError: yt-dlp failed for https://www.facebook.com/reel/2158793901283088/:
WARNING: You have requested merging of multiple formats but ffmpeg is not installed. The formats won't be merged

[2026-08-14 09:08:04] Traceback (most recent call last):
  File "D:\a\yt-shorts-worker\yt-shorts-worker\scripts\pipeline.py", line 314, in process_one
    downloaded_path = download_reel(reel_url, reel_id, fb_cookies)
                      ^^^^^^^^^^^^^^^^^^^^^^^^^^^^^^^^^^^^^^^^^^^^
  File "D:\a\yt-shorts-worker\yt-shorts-worker\scripts\pipeline.py", line 256, in download_reel
    raise RuntimeError(f"yt-dlp failed for {reel_url}:\n{result.stderr[-2000:]}")
RuntimeError: yt-dlp failed for https://www.facebook.com/reel/2158793901283088/:
WARNING: You have requested merging of multiple formats but ffmpeg is not installed. The formats won't be merged


[2026-08-14 09:08:04]   leaving as 'remaining' for retry, moving to next candidate.
[2026-08-14 09:08:04] WARNING: 3 failures in a row -- stopping this batch early instead of burning through the rest of the candidates. This usually means something structural broke (YouTube upload limit/verification prompt, expired login session, a Studio UI change) rather than a problem with individual reels. Check the error above (and any screenshot path it mentions) before starting another batch.
[2026-08-14 09:08:04] Batch finished. succeeded=0 attempted=3 target=10
[2026-08-14 09:08:04] WARNING: only 0/10 reels were successfully scheduled.
